
 /----------------------------------------------------------------------------\
 |                                                                            |
 |  yosys -- Yosys Open SYnthesis Suite                                       |
 |                                                                            |
 |  Copyright (C) 2012 - 2020  Claire Xenia Wolf <claire@yosyshq.com>         |
 |                                                                            |
 |  Permission to use, copy, modify, and/or distribute this software for any  |
 |  purpose with or without fee is hereby granted, provided that the above    |
 |  copyright notice and this permission notice appear in all copies.         |
 |                                                                            |
 |  THE SOFTWARE IS PROVIDED "AS IS" AND THE AUTHOR DISCLAIMS ALL WARRANTIES  |
 |  WITH REGARD TO THIS SOFTWARE INCLUDING ALL IMPLIED WARRANTIES OF          |
 |  MERCHANTABILITY AND FITNESS. IN NO EVENT SHALL THE AUTHOR BE LIABLE FOR   |
 |  ANY SPECIAL, DIRECT, INDIRECT, OR CONSEQUENTIAL DAMAGES OR ANY DAMAGES    |
 |  WHATSOEVER RESULTING FROM LOSS OF USE, DATA OR PROFITS, WHETHER IN AN     |
 |  ACTION OF CONTRACT, NEGLIGENCE OR OTHER TORTIOUS ACTION, ARISING OUT OF   |
 |  OR IN CONNECTION WITH THE USE OR PERFORMANCE OF THIS SOFTWARE.            |
 |                                                                            |
 \----------------------------------------------------------------------------/

 Yosys 0.33 (git sha1 2584903a060)


-- Running command `
    read_verilog -sv /workspace/spike/pycircuit_toolchain/ref/ub_pcs_lane_dist_pr_e5bb.v
    chparam -set NUM_LANES 4 -set PMA_W 32 -set SYM_W 8 ub_pcs_lane_dist
    hierarchy -check -top ub_pcs_lane_dist
    flatten
    rename ub_pcs_lane_dist gold
    design -stash gold

    read_verilog -sv /workspace/spike/pycircuit_toolchain/gen/n4/ub_pcs_lane_dist.v
    hierarchy -check -top ub_pcs_lane_dist
    flatten
    rename ub_pcs_lane_dist gate
    design -stash gate

    design -reset
    design -copy-from gold -as gold gold
    design -copy-from gate -as gate gate
    equiv_make gold gate equiv
    equiv_simple equiv
    equiv_induct equiv
    equiv_status -assert equiv
  ' --

1. Executing Verilog-2005 frontend: /workspace/spike/pycircuit_toolchain/ref/ub_pcs_lane_dist_pr_e5bb.v
Parsing SystemVerilog input from `/workspace/spike/pycircuit_toolchain/ref/ub_pcs_lane_dist_pr_e5bb.v' to AST representation.
Generating RTLIL representation for module `\ub_pcs_lane_dist'.
Successfully finished Verilog frontend.
Parameter \NUM_LANES = 4
Parameter \PMA_W = 32
Parameter \SYM_W = 8

2. Executing AST frontend in derive mode using pre-parsed AST for module `\ub_pcs_lane_dist'.
Parameter \NUM_LANES = 4
Parameter \PMA_W = 32
Parameter \SYM_W = 8
Generating RTLIL representation for module `$paramod$d8d187e6ffb059c9fb222825b897e853b5381df5\ub_pcs_lane_dist'.

3. Executing HIERARCHY pass (managing design hierarchy).

3.1. Analyzing design hierarchy..
Top module:  \ub_pcs_lane_dist

3.2. Analyzing design hierarchy..
Top module:  \ub_pcs_lane_dist
Removed 0 unused modules.

4. Executing FLATTEN pass (flatten design).
Renaming module \ub_pcs_lane_dist to \gold.

5. Executing Verilog-2005 frontend: /workspace/spike/pycircuit_toolchain/gen/n4/ub_pcs_lane_dist.v
Parsing SystemVerilog input from `/workspace/spike/pycircuit_toolchain/gen/n4/ub_pcs_lane_dist.v' to AST representation.
Generating RTLIL representation for module `\ub_pcs_lane_dist'.
Successfully finished Verilog frontend.

6. Executing HIERARCHY pass (managing design hierarchy).

6.1. Analyzing design hierarchy..
Top module:  \ub_pcs_lane_dist

6.2. Analyzing design hierarchy..
Top module:  \ub_pcs_lane_dist
Removed 0 unused modules.

7. Executing FLATTEN pass (flatten design).
Renaming module \ub_pcs_lane_dist to \gate.

8. Executing EQUIV_MAKE pass (creating equiv checking module).
Presumably equivalent wires: data_in_gold (\data_in_gold), data_in_gate (\data_in_gate) -> data_in
Presumably equivalent wires: data_out_gold ({ \data_in_gold [127:120] \data_in_gold [95:88] \data_in_gold [63:56] \data_in_gold [31:24] \data_in_gold [119:112] \data_in_gold [87:80] \data_in_gold [55:48] \data_in_gold [23:16] \data_in_gold [111:104] \data_in_gold [79:72] \data_in_gold [47:40] \data_in_gold [15:8] \data_in_gold [103:96] \data_in_gold [71:64] \data_in_gold [39:32] \data_in_gold [7:0] }), data_out_gate ({ \data_in_gate [7:0] \data_in_gate [39:32] \data_in_gate [71:64] \data_in_gate [103:96] \data_in_gate [15:8] \data_in_gate [47:40] \data_in_gate [79:72] \data_in_gate [111:104] \data_in_gate [23:16] \data_in_gate [55:48] \data_in_gate [87:80] \data_in_gate [119:112] \data_in_gate [31:24] \data_in_gate [63:56] \data_in_gate [95:88] \data_in_gate [127:120] }) -> data_out

9. Executing EQUIV_SIMPLE pass.
Found 128 unproven $equiv cells (1 groups) in equiv:
 Grouping SAT models for \data_out:
  Trying to prove $equiv for \data_out [0]: failed.
  Trying to prove $equiv for \data_out [1]: failed.
  Trying to prove $equiv for \data_out [2]: failed.
  Trying to prove $equiv for \data_out [3]: failed.
  Trying to prove $equiv for \data_out [4]: failed.
  Trying to prove $equiv for \data_out [5]: failed.
  Trying to prove $equiv for \data_out [6]: failed.
  Trying to prove $equiv for \data_out [7]: failed.
  Trying to prove $equiv for \data_out [8]: failed.
  Trying to prove $equiv for \data_out [9]: failed.
  Trying to prove $equiv for \data_out [10]: failed.
  Trying to prove $equiv for \data_out [11]: failed.
  Trying to prove $equiv for \data_out [12]: failed.
  Trying to prove $equiv for \data_out [13]: failed.
  Trying to prove $equiv for \data_out [14]: failed.
  Trying to prove $equiv for \data_out [15]: failed.
  Trying to prove $equiv for \data_out [16]: failed.
  Trying to prove $equiv for \data_out [17]: failed.
  Trying to prove $equiv for \data_out [18]: failed.
  Trying to prove $equiv for \data_out [19]: failed.
  Trying to prove $equiv for \data_out [20]: failed.
  Trying to prove $equiv for \data_out [21]: failed.
  Trying to prove $equiv for \data_out [22]: failed.
  Trying to prove $equiv for \data_out [23]: failed.
  Trying to prove $equiv for \data_out [24]: failed.
  Trying to prove $equiv for \data_out [25]: failed.
  Trying to prove $equiv for \data_out [26]: failed.
  Trying to prove $equiv for \data_out [27]: failed.
  Trying to prove $equiv for \data_out [28]: failed.
  Trying to prove $equiv for \data_out [29]: failed.
  Trying to prove $equiv for \data_out [30]: failed.
  Trying to prove $equiv for \data_out [31]: failed.
  Trying to prove $equiv for \data_out [32]: failed.
  Trying to prove $equiv for \data_out [33]: failed.
  Trying to prove $equiv for \data_out [34]: failed.
  Trying to prove $equiv for \data_out [35]: failed.
  Trying to prove $equiv for \data_out [36]: failed.
  Trying to prove $equiv for \data_out [37]: failed.
  Trying to prove $equiv for \data_out [38]: failed.
  Trying to prove $equiv for \data_out [39]: failed.
  Trying to prove $equiv for \data_out [40]: failed.
  Trying to prove $equiv for \data_out [41]: failed.
  Trying to prove $equiv for \data_out [42]: failed.
  Trying to prove $equiv for \data_out [43]: failed.
  Trying to prove $equiv for \data_out [44]: failed.
  Trying to prove $equiv for \data_out [45]: failed.
  Trying to prove $equiv for \data_out [46]: failed.
  Trying to prove $equiv for \data_out [47]: failed.
  Trying to prove $equiv for \data_out [48]: failed.
  Trying to prove $equiv for \data_out [49]: failed.
  Trying to prove $equiv for \data_out [50]: failed.
  Trying to prove $equiv for \data_out [51]: failed.
  Trying to prove $equiv for \data_out [52]: failed.
  Trying to prove $equiv for \data_out [53]: failed.
  Trying to prove $equiv for \data_out [54]: failed.
  Trying to prove $equiv for \data_out [55]: failed.
  Trying to prove $equiv for \data_out [56]: failed.
  Trying to prove $equiv for \data_out [57]: failed.
  Trying to prove $equiv for \data_out [58]: failed.
  Trying to prove $equiv for \data_out [59]: failed.
  Trying to prove $equiv for \data_out [60]: failed.
  Trying to prove $equiv for \data_out [61]: failed.
  Trying to prove $equiv for \data_out [62]: failed.
  Trying to prove $equiv for \data_out [63]: failed.
  Trying to prove $equiv for \data_out [64]: failed.
  Trying to prove $equiv for \data_out [65]: failed.
  Trying to prove $equiv for \data_out [66]: failed.
  Trying to prove $equiv for \data_out [67]: failed.
  Trying to prove $equiv for \data_out [68]: failed.
  Trying to prove $equiv for \data_out [69]: failed.
  Trying to prove $equiv for \data_out [70]: failed.
  Trying to prove $equiv for \data_out [71]: failed.
  Trying to prove $equiv for \data_out [72]: failed.
  Trying to prove $equiv for \data_out [73]: failed.
  Trying to prove $equiv for \data_out [74]: failed.
  Trying to prove $equiv for \data_out [75]: failed.
  Trying to prove $equiv for \data_out [76]: failed.
  Trying to prove $equiv for \data_out [77]: failed.
  Trying to prove $equiv for \data_out [78]: failed.
  Trying to prove $equiv for \data_out [79]: failed.
  Trying to prove $equiv for \data_out [80]: failed.
  Trying to prove $equiv for \data_out [81]: failed.
  Trying to prove $equiv for \data_out [82]: failed.
  Trying to prove $equiv for \data_out [83]: failed.
  Trying to prove $equiv for \data_out [84]: failed.
  Trying to prove $equiv for \data_out [85]: failed.
  Trying to prove $equiv for \data_out [86]: failed.
  Trying to prove $equiv for \data_out [87]: failed.
  Trying to prove $equiv for \data_out [88]: failed.
  Trying to prove $equiv for \data_out [89]: failed.
  Trying to prove $equiv for \data_out [90]: failed.
  Trying to prove $equiv for \data_out [91]: failed.
  Trying to prove $equiv for \data_out [92]: failed.
  Trying to prove $equiv for \data_out [93]: failed.
  Trying to prove $equiv for \data_out [94]: failed.
  Trying to prove $equiv for \data_out [95]: failed.
  Trying to prove $equiv for \data_out [96]: failed.
  Trying to prove $equiv for \data_out [97]: failed.
  Trying to prove $equiv for \data_out [98]: failed.
  Trying to prove $equiv for \data_out [99]: failed.
  Trying to prove $equiv for \data_out [100]: failed.
  Trying to prove $equiv for \data_out [101]: failed.
  Trying to prove $equiv for \data_out [102]: failed.
  Trying to prove $equiv for \data_out [103]: failed.
  Trying to prove $equiv for \data_out [104]: failed.
  Trying to prove $equiv for \data_out [105]: failed.
  Trying to prove $equiv for \data_out [106]: failed.
  Trying to prove $equiv for \data_out [107]: failed.
  Trying to prove $equiv for \data_out [108]: failed.
  Trying to prove $equiv for \data_out [109]: failed.
  Trying to prove $equiv for \data_out [110]: failed.
  Trying to prove $equiv for \data_out [111]: failed.
  Trying to prove $equiv for \data_out [112]: failed.
  Trying to prove $equiv for \data_out [113]: failed.
  Trying to prove $equiv for \data_out [114]: failed.
  Trying to prove $equiv for \data_out [115]: failed.
  Trying to prove $equiv for \data_out [116]: failed.
  Trying to prove $equiv for \data_out [117]: failed.
  Trying to prove $equiv for \data_out [118]: failed.
  Trying to prove $equiv for \data_out [119]: failed.
  Trying to prove $equiv for \data_out [120]: failed.
  Trying to prove $equiv for \data_out [121]: failed.
  Trying to prove $equiv for \data_out [122]: failed.
  Trying to prove $equiv for \data_out [123]: failed.
  Trying to prove $equiv for \data_out [124]: failed.
  Trying to prove $equiv for \data_out [125]: failed.
  Trying to prove $equiv for \data_out [126]: failed.
  Trying to prove $equiv for \data_out [127]: failed.
Proved 0 previously unproven $equiv cells.

10. Executing EQUIV_INDUCT pass.
Found 128 unproven $equiv cells in module equiv:
  Proving existence of base case for step 1. (1922 clauses over 834 variables)
  Proving induction step 1. (3843 clauses over 1667 variables)
  Proof for induction step failed. Extending to next time step.
  Proving existence of base case for step 2. (3844 clauses over 1667 variables)
  Proving induction step 2. (5765 clauses over 2500 variables)
  Proof for induction step failed. Extending to next time step.
  Proving existence of base case for step 3. (5766 clauses over 2500 variables)
  Proving induction step 3. (7687 clauses over 3333 variables)
  Proof for induction step failed. Extending to next time step.
  Proving existence of base case for step 4. (7688 clauses over 3333 variables)
  Proving induction step 4. (9609 clauses over 4166 variables)
  Proof for induction step failed. Trying to prove individual $equiv from workset.
  Trying to prove $equiv for \data_out [0]: failed.
  Trying to prove $equiv for \data_out [3]: failed.
  Trying to prove $equiv for \data_out [2]: failed.
  Trying to prove $equiv for \data_out [1]: failed.
  Trying to prove $equiv for \data_out [6]: failed.
  Trying to prove $equiv for \data_out [7]: failed.
  Trying to prove $equiv for \data_out [8]: failed.
  Trying to prove $equiv for \data_out [4]: failed.
  Trying to prove $equiv for \data_out [9]: failed.
  Trying to prove $equiv for \data_out [5]: failed.
  Trying to prove $equiv for \data_out [10]: failed.
  Trying to prove $equiv for \data_out [11]: failed.
  Trying to prove $equiv for \data_out [12]: failed.
  Trying to prove $equiv for \data_out [13]: failed.
  Trying to prove $equiv for \data_out [14]: failed.
  Trying to prove $equiv for \data_out [15]: failed.
  Trying to prove $equiv for \data_out [16]: failed.
  Trying to prove $equiv for \data_out [17]: failed.
  Trying to prove $equiv for \data_out [18]: failed.
  Trying to prove $equiv for \data_out [19]: failed.
  Trying to prove $equiv for \data_out [20]: failed.
  Trying to prove $equiv for \data_out [21]: failed.
  Trying to prove $equiv for \data_out [22]: failed.
  Trying to prove $equiv for \data_out [23]: failed.
  Trying to prove $equiv for \data_out [24]: failed.
  Trying to prove $equiv for \data_out [25]: failed.
  Trying to prove $equiv for \data_out [26]: failed.
  Trying to prove $equiv for \data_out [27]: failed.
  Trying to prove $equiv for \data_out [28]: failed.
  Trying to prove $equiv for \data_out [29]: failed.
  Trying to prove $equiv for \data_out [30]: failed.
  Trying to prove $equiv for \data_out [31]: failed.
  Trying to prove $equiv for \data_out [32]: failed.
  Trying to prove $equiv for \data_out [65]: failed.
  Trying to prove $equiv for \data_out [33]: failed.
  Trying to prove $equiv for \data_out [34]: failed.
  Trying to prove $equiv for \data_out [35]: failed.
  Trying to prove $equiv for \data_out [36]: failed.
  Trying to prove $equiv for \data_out [37]: failed.
  Trying to prove $equiv for \data_out [38]: failed.
  Trying to prove $equiv for \data_out [39]: failed.
  Trying to prove $equiv for \data_out [40]: failed.
  Trying to prove $equiv for \data_out [41]: failed.
  Trying to prove $equiv for \data_out [42]: failed.
  Trying to prove $equiv for \data_out [43]: failed.
  Trying to prove $equiv for \data_out [44]: failed.
  Trying to prove $equiv for \data_out [45]: failed.
  Trying to prove $equiv for \data_out [46]: failed.
  Trying to prove $equiv for \data_out [47]: failed.
  Trying to prove $equiv for \data_out [48]: failed.
  Trying to prove $equiv for \data_out [49]: failed.
  Trying to prove $equiv for \data_out [50]: failed.
  Trying to prove $equiv for \data_out [51]: failed.
  Trying to prove $equiv for \data_out [52]: failed.
  Trying to prove $equiv for \data_out [53]: failed.
  Trying to prove $equiv for \data_out [54]: failed.
  Trying to prove $equiv for \data_out [55]: failed.
  Trying to prove $equiv for \data_out [56]: failed.
  Trying to prove $equiv for \data_out [57]: failed.
  Trying to prove $equiv for \data_out [58]: failed.
  Trying to prove $equiv for \data_out [59]: failed.
  Trying to prove $equiv for \data_out [60]: failed.
  Trying to prove $equiv for \data_out [61]: failed.
  Trying to prove $equiv for \data_out [62]: failed.
  Trying to prove $equiv for \data_out [63]: failed.
  Trying to prove $equiv for \data_out [64]: failed.
  Trying to prove $equiv for \data_out [66]: failed.
  Trying to prove $equiv for \data_out [67]: failed.
  Trying to prove $equiv for \data_out [68]: failed.
  Trying to prove $equiv for \data_out [69]: failed.
  Trying to prove $equiv for \data_out [70]: failed.
  Trying to prove $equiv for \data_out [71]: failed.
  Trying to prove $equiv for \data_out [72]: failed.
  Trying to prove $equiv for \data_out [73]: failed.
  Trying to prove $equiv for \data_out [74]: failed.
  Trying to prove $equiv for \data_out [75]: failed.
  Trying to prove $equiv for \data_out [76]: failed.
  Trying to prove $equiv for \data_out [77]: failed.
  Trying to prove $equiv for \data_out [78]: failed.
  Trying to prove $equiv for \data_out [79]: failed.
  Trying to prove $equiv for \data_out [80]: failed.
  Trying to prove $equiv for \data_out [81]: failed.
  Trying to prove $equiv for \data_out [82]: failed.
  Trying to prove $equiv for \data_out [83]: failed.
  Trying to prove $equiv for \data_out [84]: failed.
  Trying to prove $equiv for \data_out [85]: failed.
  Trying to prove $equiv for \data_out [86]: failed.
  Trying to prove $equiv for \data_out [87]: failed.
  Trying to prove $equiv for \data_out [88]: failed.
  Trying to prove $equiv for \data_out [89]: failed.
  Trying to prove $equiv for \data_out [90]: failed.
  Trying to prove $equiv for \data_out [91]: failed.
  Trying to prove $equiv for \data_out [92]: failed.
  Trying to prove $equiv for \data_out [93]: failed.
  Trying to prove $equiv for \data_out [94]: failed.
  Trying to prove $equiv for \data_out [95]: failed.
  Trying to prove $equiv for \data_out [96]: failed.
  Trying to prove $equiv for \data_out [97]: failed.
  Trying to prove $equiv for \data_out [98]: failed.
  Trying to prove $equiv for \data_out [99]: failed.
  Trying to prove $equiv for \data_out [100]: failed.
  Trying to prove $equiv for \data_out [101]: failed.
  Trying to prove $equiv for \data_out [102]: failed.
  Trying to prove $equiv for \data_out [103]: failed.
  Trying to prove $equiv for \data_out [104]: failed.
  Trying to prove $equiv for \data_out [105]: failed.
  Trying to prove $equiv for \data_out [106]: failed.
  Trying to prove $equiv for \data_out [107]: failed.
  Trying to prove $equiv for \data_out [108]: failed.
  Trying to prove $equiv for \data_out [109]: failed.
  Trying to prove $equiv for \data_out [110]: failed.
  Trying to prove $equiv for \data_out [111]: failed.
  Trying to prove $equiv for \data_out [112]: failed.
  Trying to prove $equiv for \data_out [113]: failed.
  Trying to prove $equiv for \data_out [114]: failed.
  Trying to prove $equiv for \data_out [115]: failed.
  Trying to prove $equiv for \data_out [116]: failed.
  Trying to prove $equiv for \data_out [117]: failed.
  Trying to prove $equiv for \data_out [118]: failed.
  Trying to prove $equiv for \data_out [119]: failed.
  Trying to prove $equiv for \data_out [120]: failed.
  Trying to prove $equiv for \data_out [121]: failed.
  Trying to prove $equiv for \data_out [122]: failed.
  Trying to prove $equiv for \data_out [123]: failed.
  Trying to prove $equiv for \data_out [124]: failed.
  Trying to prove $equiv for \data_out [125]: failed.
  Trying to prove $equiv for \data_out [126]: failed.
  Trying to prove $equiv for \data_out [127]: failed.
Proved 0 previously unproven $equiv cells.

11. Executing EQUIV_STATUS pass.
Found 128 $equiv cells in equiv:
  Of those cells 0 are proven and 128 are unproven.
  Unproven $equiv $auto$equiv_make.cc:257:find_same_wires$128: \data_out_gold [127] \data_out_gate [127]
  Unproven $equiv $auto$equiv_make.cc:257:find_same_wires$127: \data_out_gold [126] \data_out_gate [126]
  Unproven $equiv $auto$equiv_make.cc:257:find_same_wires$126: \data_out_gold [125] \data_out_gate [125]
  Unproven $equiv $auto$equiv_make.cc:257:find_same_wires$125: \data_out_gold [124] \data_out_gate [124]
  Unproven $equiv $auto$equiv_make.cc:257:find_same_wires$124: \data_out_gold [123] \data_out_gate [123]
  Unproven $equiv $auto$equiv_make.cc:257:find_same_wires$123: \data_out_gold [122] \data_out_gate [122]
  Unproven $equiv $auto$equiv_make.cc:257:find_same_wires$122: \data_out_gold [121] \data_out_gate [121]
  Unproven $equiv $auto$equiv_make.cc:257:find_same_wires$121: \data_out_gold [120] \data_out_gate [120]
  Unproven $equiv $auto$equiv_make.cc:257:find_same_wires$120: \data_out_gold [119] \data_out_gate [119]
  Unproven $equiv $auto$equiv_make.cc:257:find_same_wires$119: \data_out_gold [118] \data_out_gate [118]
  Unproven $equiv $auto$equiv_make.cc:257:find_same_wires$118: \data_out_gold [117] \data_out_gate [117]
  Unproven $equiv $auto$equiv_make.cc:257:find_same_wires$117: \data_out_gold [116] \data_out_gate [116]
  Unproven $equiv $auto$equiv_make.cc:257:find_same_wires$116: \data_out_gold [115] \data_out_gate [115]
  Unproven $equiv $auto$equiv_make.cc:257:find_same_wires$115: \data_out_gold [114] \data_out_gate [114]
  Unproven $equiv $auto$equiv_make.cc:257:find_same_wires$114: \data_out_gold [113] \data_out_gate [113]
  Unproven $equiv $auto$equiv_make.cc:257:find_same_wires$113: \data_out_gold [112] \data_out_gate [112]
  Unproven $equiv $auto$equiv_make.cc:257:find_same_wires$112: \data_out_gold [111] \data_out_gate [111]
  Unproven $equiv $auto$equiv_make.cc:257:find_same_wires$111: \data_out_gold [110] \data_out_gate [110]
  Unproven $equiv $auto$equiv_make.cc:257:find_same_wires$110: \data_out_gold [109] \data_out_gate [109]
  Unproven $equiv $auto$equiv_make.cc:257:find_same_wires$109: \data_out_gold [108] \data_out_gate [108]
  Unproven $equiv $auto$equiv_make.cc:257:find_same_wires$108: \data_out_gold [107] \data_out_gate [107]
  Unproven $equiv $auto$equiv_make.cc:257:find_same_wires$107: \data_out_gold [106] \data_out_gate [106]
  Unproven $equiv $auto$equiv_make.cc:257:find_same_wires$106: \data_out_gold [105] \data_out_gate [105]
  Unproven $equiv $auto$equiv_make.cc:257:find_same_wires$105: \data_out_gold [104] \data_out_gate [104]
  Unproven $equiv $auto$equiv_make.cc:257:find_same_wires$104: \data_out_gold [103] \data_out_gate [103]
  Unproven $equiv $auto$equiv_make.cc:257:find_same_wires$103: \data_out_gold [102] \data_out_gate [102]
  Unproven $equiv $auto$equiv_make.cc:257:find_same_wires$102: \data_out_gold [101] \data_out_gate [101]
  Unproven $equiv $auto$equiv_make.cc:257:find_same_wires$101: \data_out_gold [100] \data_out_gate [100]
  Unproven $equiv $auto$equiv_make.cc:257:find_same_wires$100: \data_out_gold [99] \data_out_gate [99]
  Unproven $equiv $auto$equiv_make.cc:257:find_same_wires$99: \data_out_gold [98] \data_out_gate [98]
  Unproven $equiv $auto$equiv_make.cc:257:find_same_wires$98: \data_out_gold [97] \data_out_gate [97]
  Unproven $equiv $auto$equiv_make.cc:257:find_same_wires$97: \data_out_gold [96] \data_out_gate [96]
  Unproven $equiv $auto$equiv_make.cc:257:find_same_wires$96: \data_out_gold [95] \data_out_gate [95]
  Unproven $equiv $auto$equiv_make.cc:257:find_same_wires$95: \data_out_gold [94] \data_out_gate [94]
  Unproven $equiv $auto$equiv_make.cc:257:find_same_wires$94: \data_out_gold [93] \data_out_gate [93]
  Unproven $equiv $auto$equiv_make.cc:257:find_same_wires$93: \data_out_gold [92] \data_out_gate [92]
  Unproven $equiv $auto$equiv_make.cc:257:find_same_wires$92: \data_out_gold [91] \data_out_gate [91]
  Unproven $equiv $auto$equiv_make.cc:257:find_same_wires$91: \data_out_gold [90] \data_out_gate [90]
  Unproven $equiv $auto$equiv_make.cc:257:find_same_wires$90: \data_out_gold [89] \data_out_gate [89]
  Unproven $equiv $auto$equiv_make.cc:257:find_same_wires$89: \data_out_gold [88] \data_out_gate [88]
  Unproven $equiv $auto$equiv_make.cc:257:find_same_wires$88: \data_out_gold [87] \data_out_gate [87]
  Unproven $equiv $auto$equiv_make.cc:257:find_same_wires$87: \data_out_gold [86] \data_out_gate [86]
  Unproven $equiv $auto$equiv_make.cc:257:find_same_wires$86: \data_out_gold [85] \data_out_gate [85]
  Unproven $equiv $auto$equiv_make.cc:257:find_same_wires$85: \data_out_gold [84] \data_out_gate [84]
  Unproven $equiv $auto$equiv_make.cc:257:find_same_wires$84: \data_out_gold [83] \data_out_gate [83]
  Unproven $equiv $auto$equiv_make.cc:257:find_same_wires$83: \data_out_gold [82] \data_out_gate [82]
  Unproven $equiv $auto$equiv_make.cc:257:find_same_wires$82: \data_out_gold [81] \data_out_gate [81]
  Unproven $equiv $auto$equiv_make.cc:257:find_same_wires$81: \data_out_gold [80] \data_out_gate [80]
  Unproven $equiv $auto$equiv_make.cc:257:find_same_wires$80: \data_out_gold [79] \data_out_gate [79]
  Unproven $equiv $auto$equiv_make.cc:257:find_same_wires$79: \data_out_gold [78] \data_out_gate [78]
  Unproven $equiv $auto$equiv_make.cc:257:find_same_wires$78: \data_out_gold [77] \data_out_gate [77]
  Unproven $equiv $auto$equiv_make.cc:257:find_same_wires$77: \data_out_gold [76] \data_out_gate [76]
  Unproven $equiv $auto$equiv_make.cc:257:find_same_wires$76: \data_out_gold [75] \data_out_gate [75]
  Unproven $equiv $auto$equiv_make.cc:257:find_same_wires$75: \data_out_gold [74] \data_out_gate [74]
  Unproven $equiv $auto$equiv_make.cc:257:find_same_wires$74: \data_out_gold [73] \data_out_gate [73]
  Unproven $equiv $auto$equiv_make.cc:257:find_same_wires$73: \data_out_gold [72] \data_out_gate [72]
  Unproven $equiv $auto$equiv_make.cc:257:find_same_wires$72: \data_out_gold [71] \data_out_gate [71]
  Unproven $equiv $auto$equiv_make.cc:257:find_same_wires$71: \data_out_gold [70] \data_out_gate [70]
  Unproven $equiv $auto$equiv_make.cc:257:find_same_wires$70: \data_out_gold [69] \data_out_gate [69]
  Unproven $equiv $auto$equiv_make.cc:257:find_same_wires$69: \data_out_gold [68] \data_out_gate [68]
  Unproven $equiv $auto$equiv_make.cc:257:find_same_wires$68: \data_out_gold [67] \data_out_gate [67]
  Unproven $equiv $auto$equiv_make.cc:257:find_same_wires$67: \data_out_gold [66] \data_out_gate [66]
  Unproven $equiv $auto$equiv_make.cc:257:find_same_wires$66: \data_out_gold [65] \data_out_gate [65]
  Unproven $equiv $auto$equiv_make.cc:257:find_same_wires$65: \data_out_gold [64] \data_out_gate [64]
  Unproven $equiv $auto$equiv_make.cc:257:find_same_wires$64: \data_out_gold [63] \data_out_gate [63]
  Unproven $equiv $auto$equiv_make.cc:257:find_same_wires$63: \data_out_gold [62] \data_out_gate [62]
  Unproven $equiv $auto$equiv_make.cc:257:find_same_wires$62: \data_out_gold [61] \data_out_gate [61]
  Unproven $equiv $auto$equiv_make.cc:257:find_same_wires$61: \data_out_gold [60] \data_out_gate [60]
  Unproven $equiv $auto$equiv_make.cc:257:find_same_wires$60: \data_out_gold [59] \data_out_gate [59]
  Unproven $equiv $auto$equiv_make.cc:257:find_same_wires$59: \data_out_gold [58] \data_out_gate [58]
  Unproven $equiv $auto$equiv_make.cc:257:find_same_wires$58: \data_out_gold [57] \data_out_gate [57]
  Unproven $equiv $auto$equiv_make.cc:257:find_same_wires$57: \data_out_gold [56] \data_out_gate [56]
  Unproven $equiv $auto$equiv_make.cc:257:find_same_wires$56: \data_out_gold [55] \data_out_gate [55]
  Unproven $equiv $auto$equiv_make.cc:257:find_same_wires$55: \data_out_gold [54] \data_out_gate [54]
  Unproven $equiv $auto$equiv_make.cc:257:find_same_wires$54: \data_out_gold [53] \data_out_gate [53]
  Unproven $equiv $auto$equiv_make.cc:257:find_same_wires$53: \data_out_gold [52] \data_out_gate [52]
  Unproven $equiv $auto$equiv_make.cc:257:find_same_wires$52: \data_out_gold [51] \data_out_gate [51]
  Unproven $equiv $auto$equiv_make.cc:257:find_same_wires$51: \data_out_gold [50] \data_out_gate [50]
  Unproven $equiv $auto$equiv_make.cc:257:find_same_wires$50: \data_out_gold [49] \data_out_gate [49]
  Unproven $equiv $auto$equiv_make.cc:257:find_same_wires$49: \data_out_gold [48] \data_out_gate [48]
  Unproven $equiv $auto$equiv_make.cc:257:find_same_wires$48: \data_out_gold [47] \data_out_gate [47]
  Unproven $equiv $auto$equiv_make.cc:257:find_same_wires$47: \data_out_gold [46] \data_out_gate [46]
  Unproven $equiv $auto$equiv_make.cc:257:find_same_wires$46: \data_out_gold [45] \data_out_gate [45]
  Unproven $equiv $auto$equiv_make.cc:257:find_same_wires$45: \data_out_gold [44] \data_out_gate [44]
  Unproven $equiv $auto$equiv_make.cc:257:find_same_wires$44: \data_out_gold [43] \data_out_gate [43]
  Unproven $equiv $auto$equiv_make.cc:257:find_same_wires$43: \data_out_gold [42] \data_out_gate [42]
  Unproven $equiv $auto$equiv_make.cc:257:find_same_wires$42: \data_out_gold [41] \data_out_gate [41]
  Unproven $equiv $auto$equiv_make.cc:257:find_same_wires$41: \data_out_gold [40] \data_out_gate [40]
  Unproven $equiv $auto$equiv_make.cc:257:find_same_wires$40: \data_out_gold [39] \data_out_gate [39]
  Unproven $equiv $auto$equiv_make.cc:257:find_same_wires$39: \data_out_gold [38] \data_out_gate [38]
  Unproven $equiv $auto$equiv_make.cc:257:find_same_wires$38: \data_out_gold [37] \data_out_gate [37]
  Unproven $equiv $auto$equiv_make.cc:257:find_same_wires$37: \data_out_gold [36] \data_out_gate [36]
  Unproven $equiv $auto$equiv_make.cc:257:find_same_wires$36: \data_out_gold [35] \data_out_gate [35]
  Unproven $equiv $auto$equiv_make.cc:257:find_same_wires$35: \data_out_gold [34] \data_out_gate [34]
  Unproven $equiv $auto$equiv_make.cc:257:find_same_wires$34: \data_out_gold [33] \data_out_gate [33]
  Unproven $equiv $auto$equiv_make.cc:257:find_same_wires$33: \data_out_gold [32] \data_out_gate [32]
  Unproven $equiv $auto$equiv_make.cc:257:find_same_wires$32: \data_out_gold [31] \data_out_gate [31]
  Unproven $equiv $auto$equiv_make.cc:257:find_same_wires$31: \data_out_gold [30] \data_out_gate [30]
  Unproven $equiv $auto$equiv_make.cc:257:find_same_wires$30: \data_out_gold [29] \data_out_gate [29]
  Unproven $equiv $auto$equiv_make.cc:257:find_same_wires$29: \data_out_gold [28] \data_out_gate [28]
  Unproven $equiv $auto$equiv_make.cc:257:find_same_wires$28: \data_out_gold [27] \data_out_gate [27]
  Unproven $equiv $auto$equiv_make.cc:257:find_same_wires$27: \data_out_gold [26] \data_out_gate [26]
  Unproven $equiv $auto$equiv_make.cc:257:find_same_wires$26: \data_out_gold [25] \data_out_gate [25]
  Unproven $equiv $auto$equiv_make.cc:257:find_same_wires$25: \data_out_gold [24] \data_out_gate [24]
  Unproven $equiv $auto$equiv_make.cc:257:find_same_wires$24: \data_out_gold [23] \data_out_gate [23]
  Unproven $equiv $auto$equiv_make.cc:257:find_same_wires$23: \data_out_gold [22] \data_out_gate [22]
  Unproven $equiv $auto$equiv_make.cc:257:find_same_wires$22: \data_out_gold [21] \data_out_gate [21]
  Unproven $equiv $auto$equiv_make.cc:257:find_same_wires$21: \data_out_gold [20] \data_out_gate [20]
  Unproven $equiv $auto$equiv_make.cc:257:find_same_wires$20: \data_out_gold [19] \data_out_gate [19]
  Unproven $equiv $auto$equiv_make.cc:257:find_same_wires$19: \data_out_gold [18] \data_out_gate [18]
  Unproven $equiv $auto$equiv_make.cc:257:find_same_wires$18: \data_out_gold [17] \data_out_gate [17]
  Unproven $equiv $auto$equiv_make.cc:257:find_same_wires$17: \data_out_gold [16] \data_out_gate [16]
  Unproven $equiv $auto$equiv_make.cc:257:find_same_wires$16: \data_out_gold [15] \data_out_gate [15]
  Unproven $equiv $auto$equiv_make.cc:257:find_same_wires$15: \data_out_gold [14] \data_out_gate [14]
  Unproven $equiv $auto$equiv_make.cc:257:find_same_wires$14: \data_out_gold [13] \data_out_gate [13]
  Unproven $equiv $auto$equiv_make.cc:257:find_same_wires$13: \data_out_gold [12] \data_out_gate [12]
  Unproven $equiv $auto$equiv_make.cc:257:find_same_wires$12: \data_out_gold [11] \data_out_gate [11]
  Unproven $equiv $auto$equiv_make.cc:257:find_same_wires$11: \data_out_gold [10] \data_out_gate [10]
  Unproven $equiv $auto$equiv_make.cc:257:find_same_wires$10: \data_out_gold [9] \ERROR: Found 128 unproven $equiv cells in 'equiv_status -assert'.
