
 /----------------------------------------------------------------------------\
 |                                                                            |
 |  yosys -- Yosys Open SYnthesis Suite                                       |
 |                                                                            |
 |  Copyright (C) 2012 - 2020  Claire Xenia Wolf <claire@yosyshq.com>         |
 |                                                                            |
 |  Permission to use, copy, modify, and/or distribute this software for any  |
 |  purpose with or without fee is hereby granted, provided that the above    |
 |  copyright notice and this permission notice appear in all copies.         |
 |                                                                            |
 |  THE SOFTWARE IS PROVIDED "AS IS" AND THE AUTHOR DISCLAIMS ALL WARRANTIES  |
 |  WITH REGARD TO THIS SOFTWARE INCLUDING ALL IMPLIED WARRANTIES OF          |
 |  MERCHANTABILITY AND FITNESS. IN NO EVENT SHALL THE AUTHOR BE LIABLE FOR   |
 |  ANY SPECIAL, DIRECT, INDIRECT, OR CONSEQUENTIAL DAMAGES OR ANY DAMAGES    |
 |  WHATSOEVER RESULTING FROM LOSS OF USE, DATA OR PROFITS, WHETHER IN AN     |
 |  ACTION OF CONTRACT, NEGLIGENCE OR OTHER TORTIOUS ACTION, ARISING OUT OF   |
 |  OR IN CONNECTION WITH THE USE OR PERFORMANCE OF THIS SOFTWARE.            |
 |                                                                            |
 \----------------------------------------------------------------------------/

 Yosys 0.33 (git sha1 2584903a060)


-- Running command `
    read_verilog -sv /workspace/spike/pycircuit_toolchain/gen/n4/ub_pcs_lane_dist.v
    hierarchy -check -top ub_pcs_lane_dist
    proc
    opt
    stat
    select -assert-none t:$dlatch t:$adff t:$adffe t:$dlatchsr
  ' --

1. Executing Verilog-2005 frontend: /workspace/spike/pycircuit_toolchain/gen/n4/ub_pcs_lane_dist.v
Parsing SystemVerilog input from `/workspace/spike/pycircuit_toolchain/gen/n4/ub_pcs_lane_dist.v' to AST representation.
Generating RTLIL representation for module `\ub_pcs_lane_dist'.
Successfully finished Verilog frontend.

2. Executing HIERARCHY pass (managing design hierarchy).

2.1. Analyzing design hierarchy..
Top module:  \ub_pcs_lane_dist

2.2. Analyzing design hierarchy..
Top module:  \ub_pcs_lane_dist
Removed 0 unused modules.

3. Executing PROC pass (convert processes to netlists).

3.1. Executing PROC_CLEAN pass (remove empty switches from decision trees).
Cleaned up 0 empty switches.

3.2. Executing PROC_RMDEAD pass (remove dead branches from decision trees).
Removed a total of 0 dead cases.

3.3. Executing PROC_PRUNE pass (remove redundant assignments in processes).
Removed 0 redundant assignments.
Promoted 0 assignments to connections.

3.4. Executing PROC_INIT pass (extract init attributes).

3.5. Executing PROC_ARST pass (detect async resets in processes).

3.6. Executing PROC_ROM pass (convert switches to ROMs).
Converted 0 switches.

3.7. Executing PROC_MUX pass (convert decision trees to multiplexers).

3.8. Executing PROC_DLATCH pass (convert process syncs to latches).

3.9. Executing PROC_DFF pass (convert process syncs to FFs).

3.10. Executing PROC_MEMWR pass (convert process memory writes to cells).

3.11. Executing PROC_CLEAN pass (remove empty switches from decision trees).
Cleaned up 0 empty switches.

3.12. Executing OPT_EXPR pass (perform const folding).
Optimizing module ub_pcs_lane_dist.

4. Executing OPT pass (performing simple optimizations).

4.1. Executing OPT_EXPR pass (perform const folding).
Optimizing module ub_pcs_lane_dist.

4.2. Executing OPT_MERGE pass (detect identical cells).
Finding identical cells in module `\ub_pcs_lane_dist'.
Removed a total of 0 cells.

4.3. Executing OPT_MUXTREE pass (detect dead branches in mux trees).
Running muxtree optimizer on module \ub_pcs_lane_dist..
  Creating internal representation of mux trees.
  No muxes found in this module.
Removed 0 multiplexer ports.

4.4. Executing OPT_REDUCE pass (consolidate $*mux and $reduce_* inputs).
  Optimizing cells in module \ub_pcs_lane_dist.
Performed a total of 0 changes.

4.5. Executing OPT_MERGE pass (detect identical cells).
Finding identical cells in module `\ub_pcs_lane_dist'.
Removed a total of 0 cells.

4.6. Executing OPT_DFF pass (perform DFF optimizations).

4.7. Executing OPT_CLEAN pass (remove unused cells and wires).
Finding unused cells or wires in module \ub_pcs_lane_dist..

4.8. Executing OPT_EXPR pass (perform const folding).
Optimizing module ub_pcs_lane_dist.

4.9. Finished OPT passes. (There is nothing left to do.)

5. Printing statistics.

=== ub_pcs_lane_dist ===

   Number of wires:                 21
   Number of wire bits:            768
   Number of public wires:          21
   Number of public wire bits:     768
   Number of memories:               0
   Number of memory bits:            0
   Number of processes:              0
   Number of cells:                  0

End of script. Logfile hash: de3c145fc8, CPU: user 0.00s system 0.00s, MEM: 9.58 MB peak
Yosys 0.33 (git sha1 2584903a060)
Time spent: 30% 3x opt_expr (0 sec), 19% 1x opt_clean (0 sec), ...
